// Jest Snapshot v1, https://goo.gl/fbAQLP

exports[`SearchForm should match the snapshot 1`] = `
<form
  id="search-form"
>
  <input
    name="search-input"
    onChange={[Function]}
    placeholder="Search"
    type="text"
  />
</form>
`;
